.next/dev/types/validator.ts(78,39): error TS2307: Cannot find module '../../../app/sign-in/[[...sign-in]]/page.js' or its corresponding type declarations.
.next/dev/types/validator.ts(87,39): error TS2307: Cannot find module '../../../app/sign-up/[[...sign-up]]/page.js' or its corresponding type declarations.
